MAP
  NAME          "geoportal_map"
  EXTENT        59 55 63 58
  UNITS         meters
  STATUS        ON
  SIZE          800 600
  DEBUG  4
  CONFIG "CPL_DEBUG" "ON"
  CONFIG "MS_ERRORFILE" "stderr"

  RESOLUTION 91
  DEFRESOLUTION 91

  PROJECTION
    "init=epsg:4326"
  END

  SYMBOL
    NAME "red_circle"
    TYPE ELLIPSE
    FILLED TRUE
    POINTS
      1 1
    END
  END

  SYMBOL
    NAME "blue_circle"
    TYPE ELLIPSE
    FILLED TRUE
    POINTS
      1 1
    END
  END

  WEB
    METADATA
      "ows_title"                       "Test"
      "ows_onlineresource"              "http://localhost:8080/?map=/etc/mapserver/geoportal.map"
      "ows_srs"                         "EPSG:4326 EPSG:3857"
      "ows_enable_request"              "*"
      "wms_feature_info_mime_type"      "text/html,geojson"
      "wfs_getfeature_formatlist"       "geojson"
    END
  END

  OUTPUTFORMAT
    NAME "geojson"
    DRIVER "OGR/GEOJSON"
    MIMETYPE "application/json; subtype=geojson"
    FORMATOPTION "STORAGE=stream"
    FORMATOPTION "FORM=SIMPLE"
  END

  # Boundary Layer
  LAYER
    NAME "boundary"
    STATUS ON
    TYPE LINE
    CONNECTIONTYPE POSTGIS
    CONNECTION "user=geoportal_user password=geoportal_pass dbname=geoportal_db host=db port=5432"
  
    DATA "geom FROM geo.boundary USING UNIQUE id USING SRID=4326"

    PROJECTION
      "init=epsg:4326"
    END

    METADATA
      "wms_title" "Boundary"
      "wms_srs" "EPSG:4326"
      "wms_enable_request" "*"
      "wms_feature_info_mime_type" "text/html"
    END

    TEMPLATE "boundary_info.html"

    CLASS
      NAME "Default Boundary Style"
      STYLE
        OUTLINECOLOR 0 0 0
        WIDTH 3
      END
    END
  END

  # Attraction Layer
  LAYER
    NAME "attraction"
    STATUS ON
    TYPE POINT
    CONNECTIONTYPE POSTGIS
    CONNECTION "user=geoportal_user password=geoportal_pass dbname=geoportal_db host=db port=5432"

    DATA "geom FROM geo.attraction USING UNIQUE id USING SRID=4326"

    PROJECTION
      "init=epsg:4326"
    END

    METADATA
      "gml_include_items" "all"
      "wms_include_items" "all"
    END

    TEMPLATE "empty"

    CLASS
      NAME "Attraction Points"
      STYLE
        SYMBOL "red_circle"
        COLOR 255 0 0
        SIZE 8
        OUTLINECOLOR 255 255 255
        OUTLINEWIDTH 1
      END
    END
  END

  # Museum Layer
  LAYER
    NAME "museum"
    STATUS ON
    TYPE POINT
    CONNECTIONTYPE POSTGIS
    CONNECTION "user=geoportal_user password=geoportal_pass dbname=geoportal_db host=db port=5432"

    DATA "geom FROM geo.museum USING UNIQUE id USING SRID=4326"

    PROJECTION
      "init=epsg:4326"
    END

    METADATA
      "wms_title" "Museums"
      "wms_srs" "EPSG:4326 EPSG:3857"
      "wms_enable_request" "*"
      "wms_feature_info_mime_type" "text/html"
    END

    TEMPLATE "museum_info.html"

    CLASS
      NAME "Museum Points"
      STYLE
        SYMBOL "blue_circle"
        COLOR 0 0 255
        SIZE 8
        OUTLINECOLOR 255 255 255
        OUTLINEWIDTH 1
      END
    END
  END

  # Park Layer
  LAYER
    NAME "park"
    STATUS ON
    TYPE POLYGON
    CONNECTIONTYPE POSTGIS
    CONNECTION "user=geoportal_user password=geoportal_pass dbname=geoportal_db host=db port=5432"

    DATA "geom FROM geo.park USING UNIQUE id USING SRID=4326"

    PROJECTION
      "init=epsg:4326"
    END

    METADATA
      "wms_title" "Parks"
      "wms_srs" "EPSG:4326 EPSG:3857"
      "wms_enable_request" "*"
      "wms_feature_info_mime_type" "text/html"
    END

    TEMPLATE "park_info.html"

    CLASS
      NAME "Park Polygons"
      STYLE
        COLOR 0 255 0
        OUTLINECOLOR 0 128 0
        OUTLINEWIDTH 2
      END
    END
  END
END
